\BOOKMARK [1][-]{section.1}{\376\377\000S\000t\000a\000t\000e\000m\000e\000n\000t\000,\000\040\000d\000a\000t\000a\000,\000\040\000a\000n\000d\000\040\000c\000o\000n\000v\000e\000n\000t\000i\000o\000n\000s}{}% 1
\BOOKMARK [2][-]{subsection.1.1}{\376\377\000T\000h\000e\000\040\000s\000p\000e\000c\000i\000a\000l\000\040\000f\000i\000b\000r\000e}{section.1}% 2
\BOOKMARK [2][-]{subsection.1.2}{\376\377\000G\000r\000a\000d\000i\000n\000g\000s\000\040\000a\000n\000d\000\040\000s\000i\000g\000n\000\040\000c\000o\000n\000v\000e\000n\000t\000i\000o\000n\000s}{section.1}% 3
\BOOKMARK [2][-]{subsection.1.3}{\376\377\000H\000o\000w\000\040\000e\000v\000e\000r\000y\000\040\000a\000s\000s\000e\000r\000t\000i\000o\000n\000\040\000i\000s\000\040\000c\000e\000r\000t\000i\000f\000i\000e\000d}{section.1}% 4
\BOOKMARK [1][-]{section.2}{\376\377\000T\000h\000e\000\040\000T\000a\000t\000e\000\040\000r\000e\000s\000o\000l\000u\000t\000i\000o\000n\000\040\000a\000n\000d\000\040\000t\000h\000e\000\040\000t\000w\000o\000\040\000d\000e\000r\000i\000v\000a\000t\000i\000o\000n\000\040\000a\000l\000g\000e\000b\000r\000a\000s}{}% 5
\BOOKMARK [2][-]{subsection.2.1}{\376\377\000T\000h\000e\000\040\000r\000e\000s\000o\000l\000u\000t\000i\000o\000n}{section.2}% 6
\BOOKMARK [2][-]{subsection.2.2}{\376\377\000W\000h\000i\000c\000h\000\040\000d\000g\000\040\000L\000i\000e\000\040\000a\000l\000g\000e\000b\000r\000a\000\040\000c\000o\000n\000t\000r\000o\000l\000s\000\040\000w\000h\000a\000t}{section.2}% 7
\BOOKMARK [2][-]{subsection.2.3}{\376\377\000T\000a\000n\000g\000e\000n\000t\000\040\000i\000d\000e\000n\000t\000i\000f\000i\000c\000a\000t\000i\000o\000n\000s}{section.2}% 8
\BOOKMARK [1][-]{section.3}{\376\377\000M\000a\000u\000r\000e\000r\040\023\000C\000a\000r\000t\000a\000n\000\040\000e\000l\000e\000m\000e\000n\000t\000s\000\040\000g\000i\000v\000e\000\040\000e\000m\000b\000e\000d\000d\000e\000d\000\040\000f\000l\000a\000t\000\040\000g\000r\000a\000d\000e\000d\000\040\000f\000a\000m\000i\000l\000i\000e\000s}{}% 9
\BOOKMARK [1][-]{section.4}{\376\377\000T\000h\000e\000\040\000c\000e\000r\000t\000i\000f\000i\000e\000d\000\040\000R\0004\000\040\000f\000a\000m\000i\000l\000y\000\040\000i\000s\000\040\000a\000\040\000g\000e\000n\000u\000i\000n\000e\000\040\000t\000r\000u\000n\000c\000a\000t\000e\000d\000\040\000M\000a\000u\000r\000e\000r\040\023\000C\000a\000r\000t\000a\000n\000\040\000e\000l\000e\000m\000e\000n\000t}{}% 10
\BOOKMARK [2][-]{subsection.4.1}{\376\377\000T\000h\000e\000\040\000c\000e\000r\000t\000i\000f\000i\000e\000d\000\040\000m\000a\000t\000r\000i\000c\000e\000s}{section.4}% 11
\BOOKMARK [2][-]{subsection.4.2}{\376\377\000L\000i\000f\000t\000i\000n\000g\000\040\000t\000h\000e\000\040\000m\000a\000t\000r\000i\000c\000e\000s\000\040\000t\000o\000\040\000a\000\040\000s\000q\000u\000a\000r\000e\000-\000z\000e\000r\000o\000\040\000T\000a\000t\000e\000\040\000d\000i\000f\000f\000e\000r\000e\000n\000t\000i\000a\000l}{section.4}% 12
\BOOKMARK [1][-]{section.5}{\376\377\000T\000h\000e\000\040\000e\000x\000a\000c\000t\000\040\000s\000e\000q\000u\000e\000n\000c\000e\000\040\000a\000t\000\040\000H\0002}{}% 13
\BOOKMARK [2][-]{subsection.5.1}{\376\377\000T\000h\000e\000\040\000c\000o\000m\000p\000u\000t\000e\000d\000\040\000d\000e\000r\000i\000v\000a\000t\000i\000o\000n\000s\000\040\000a\000n\000d\000\040\000t\000h\000e\000i\000r\000\040\000g\000l\000o\000b\000a\000l\000\040\000c\000l\000o\000s\000u\000r\000e}{section.5}% 14
\BOOKMARK [2][-]{subsection.5.2}{\376\377\000F\000r\000o\000m\000\040\000t\000h\000e\000\040\000s\000c\000r\000i\000p\000t\000'\000s\000\040\000c\000o\000c\000y\000c\000l\000e\000\040\000t\000o\000\040\000t\000h\000e\000\040\000a\000c\000t\000u\000a\000l\000\040\000l\000i\000n\000e\000a\000r\000\040\000c\000o\000e\000f\000f\000i\000c\000i\000e\000n\000t}{section.5}% 15
\BOOKMARK [2][-]{subsection.5.3}{\376\377\000E\000x\000a\000c\000t\000n\000e\000s\000s}{section.5}% 16
\BOOKMARK [1][-]{section.6}{\376\377\000T\000h\000e\000\040\000s\000t\000r\000i\000c\000t\000\040\000a\000l\000l\000-\000o\000r\000d\000e\000r\000s\000\040\000i\000n\000d\000u\000c\000t\000i\000o\000n}{}% 17
\BOOKMARK [1][-]{section.7}{\376\377\000T\000h\000e\000\040\000a\000l\000g\000e\000b\000r\000a\000i\000c\000\040\000f\000a\000m\000i\000l\000y\000\040\000o\000v\000e\000r\000\040\000Q\000[\000[\000s\000]\000]}{}% 18
\BOOKMARK [1][-]{section.8}{\376\377\000T\000h\000e\000\040\000g\000e\000n\000e\000r\000i\000c\000\040\000f\000i\000b\000r\000e\000:\000\040\000C\000o\000h\000e\000n\040\023\000M\000a\000c\000a\000u\000l\000a\000y\000,\000\040\000e\000q\000u\000i\000d\000i\000m\000e\000n\000s\000i\000o\000n\000a\000l\000,\000\040\000s\000m\000o\000o\000t\000h}{}% 19
\BOOKMARK [2][-]{subsection.8.1}{\376\377\000C\000o\000h\000e\000n\040\023\000M\000a\000c\000a\000u\000l\000a\000y\000n\000e\000s\000s\000\040\000a\000n\000d\000\040\000e\000q\000u\000i\000d\000i\000m\000e\000n\000s\000i\000o\000n\000a\000l\000i\000t\000y}{section.8}% 20
\BOOKMARK [2][-]{subsection.8.2}{\376\377\000S\000i\000n\000g\000u\000l\000a\000r\000i\000t\000y\000\040\000a\000s\000\040\000a\000\040\000l\000i\000n\000e\000a\000r\000-\000a\000l\000g\000e\000b\000r\000a\000\040\000i\000n\000c\000i\000d\000e\000n\000c\000e}{section.8}% 21
\BOOKMARK [2][-]{subsection.8.3}{\376\377\000S\000m\000o\000o\000t\000h\000n\000e\000s\000s\000\040\000o\000f\000\040\000t\000h\000e\000\040\000g\000e\000o\000m\000e\000t\000r\000i\000c\000\040\000g\000e\000n\000e\000r\000i\000c\000\040\000f\000i\000b\000r\000e}{section.8}% 22
\BOOKMARK [1][-]{section.9}{\376\377\000D\000e\000p\000e\000n\000d\000e\000n\000c\000y\000\040\000l\000e\000d\000g\000e\000r}{}% 23
